// Jest Snapshot v1, https://goo.gl/fbAQLP

exports[`add new article compoment should show article form 1`] = `"<form><h1>Add new article</h1><div class=\\"form-input\\"><label class=\\"input-label\\"><strong>Title:</strong> <input value=\\"\\"></label></div><div class=\\"form-input\\"><label class=\\"input-label\\"><strong>Author:</strong> <input value=\\"\\"></label></div><div class=\\"form-input\\"><label class=\\"input-label\\"><strong>Category:</strong> <input value=\\"\\"></label></div><div class=\\"form-textarea\\"><label class=\\"textarea-label\\"><strong>Text:</strong> <textarea></textarea></label></div><div><button>Submit</button></div></form>"`;
