// Jest Snapshot v1, https://goo.gl/fbAQLP

exports[`add new article compoment should show article form 1`] = `"<form><h1>Add new article</h1><div class=\\"form-input\\"><label><strong>Title:</strong> <input value=\\"\\"></label></div><div class=\\"form-input\\"><label><strong>Author:</strong> <input value=\\"\\"></label></div><div class=\\"form-input\\"><label><strong>Topic:</strong> <input value=\\"\\"></label></div><div class=\\"form-input\\"><label><strong>Text:</strong> <input value=\\"\\"></label></div><div><button>Submit</button></div></form>"`;
